17.8.2026 23:11:16 [Audit] Hezekhiel joined.
17.8.2026 23:11:54 [Audit] Hezekhiel left clicked slot 6878 in creative-7FQvGKefJELzl1NEEwqgPdJP. Before: (mouse: empty, inv: 1xBloc créatif (33)), after: (mouse: 1xBloc créatif (33), inv: 1xBloc créatif (33))
17.8.2026 23:11:55 [Audit] Hezekhiel left clicked slot 6 in hotbar-7FQvGKefJELzl1NEEwqgPdJP. Before: (mouse: 1xBloc créatif (33), inv: empty), after: (mouse: empty, inv: 1xBloc créatif (33))
17.8.2026 23:12:10 [Audit] Hezekhiel dismounts/disembarks from a independentvehicles:structure at 511954, 4, 512017
17.8.2026 23:12:24 [Audit] Hezekhiel dismounts/disembarks from a independentvehicles:structure at 511954, 4, 512017
17.8.2026 23:12:27 [Audit] Hezekhiel dismounts/disembarks from a independentvehicles:structure at 511954, 4, 512017
17.8.2026 23:12:30 [Audit] Hezekhiel dismounts/disembarks from a independentvehicles:structure at 511954, 4, 512017
17.8.2026 23:12:36 [Audit] Hezekhiel dismounts/disembarks from a independentvehicles:structure at 511954, 4, 512017
17.8.2026 23:12:42 [Audit] Hezekhiel dismounts/disembarks from a independentvehicles:structure at 511954, 4, 512017
17.8.2026 23:12:45 [Audit] Hezekhiel dismounts/disembarks from a independentvehicles:structure at 511954, 4, 512017
17.8.2026 23:12:48 [Audit] Hezekhiel dismounts/disembarks from a independentvehicles:structure at 511954, 4, 512017
17.8.2026 23:12:50 [Audit] Hezekhiel dismounts/disembarks from a independentvehicles:structure at 511954, 4, 512017
17.8.2026 23:12:52 [Audit] Hezekhiel dismounts/disembarks from a independentvehicles:structure at 511954, 4, 512017
17.8.2026 23:13:07 [Audit] Hezekhiel dismounts/disembarks from a independentvehicles:structure at 511954, 4, 512017
17.8.2026 23:13:11 [Audit] Hezekhiel dismounts/disembarks from a independentvehicles:structure at 511954, 4, 512017
17.8.2026 23:13:23 [Audit] Hezekhiel dismounts/disembarks from a independentvehicles:structure at 511956, 4, 512012
17.8.2026 23:13:38 [Audit] Hezekhiel dismounts/disembarks from a independentvehicles:structure at 511956, 4, 512012
17.8.2026 23:13:40 [Audit] Hezekhiel dismounts/disembarks from a independentvehicles:structure at 511956, 4, 512012
17.8.2026 23:13:44 [Audit] Hezekhiel dismounts/disembarks from a independentvehicles:structure at 511956, 4, 512012
17.8.2026 23:13:45 [Audit] Hezekhiel dismounts/disembarks from a independentvehicles:structure at 511956, 4, 512012
17.8.2026 23:13:47 [Audit] Hezekhiel dismounts/disembarks from a independentvehicles:structure at 511956, 4, 512012
17.8.2026 23:14:18 [Audit] Hezekhiel dismounts/disembarks from a independentvehicles:structure at 511951, 4, 512013
17.8.2026 23:14:26 [Audit] Hezekhiel dismounts/disembarks from a independentvehicles:structure at 511951, 4, 512013
17.8.2026 23:14:29 [Audit] Hezekhiel dismounts/disembarks from a independentvehicles:structure at 511951, 4, 512013
17.8.2026 23:14:32 [Audit] Hezekhiel dismounts/disembarks from a independentvehicles:structure at 511951, 4, 512013
17.8.2026 23:14:35 [Audit] Hezekhiel dismounts/disembarks from a independentvehicles:structure at 511951, 4, 512013
17.8.2026 23:14:36 [Audit] Hezekhiel dismounts/disembarks from a independentvehicles:structure at 511951, 4, 512013
17.8.2026 23:17:13 [Audit] Hezekhiel dismounts/disembarks from a independentvehicles:structure at 511954, 4, 512013
17.8.2026 23:17:17 [Audit] Client Hezekhiel got removed: 'Server shutting down - Exit request by client' (Server shutting down - Exit request by client)
